components/NotificationToast.tsx(3,10): error TS2305: Module '"../types"' has no exported member 'AppNotification'.
data/devLogData.ts(1,10): error TS2305: Module '"../types"' has no exported member 'DevLogEntry'.
views/DevLogView.tsx(2,10): error TS2305: Module '"../types"' has no exported member 'DevLogEntry'.
