BROWSER CONSOLE: debug [vite] connecting...
BROWSER CONSOLE: info %cDownload the React DevTools for a better development experience: https://react.dev/link/react-devtools font-weight:bold
BROWSER CONSOLE: error Failed to load resource: the server responded with a status of 404 (Not Found)
BROWSER CONSOLE: debug [vite] connected.
BROWSER CONSOLE: error Failed to load resource: the server responded with a status of 403 ()
BROWSER CONSOLE: log [Auth] Explicit getSession result:  
BROWSER CONSOLE: log [Auth] onAuthStateChange event: INITIAL_SESSION session: 
BROWSER CONSOLE: log [Auth] Explicit getSession result:  
BROWSER CONSOLE: verbose [DOM] Input elements should have autocomplete attributes (suggested: "current-password"): (More info: https://goo.gl/9p2vKq) %o
AFTER HASH LOAD (Should be Logged In): NO (AuthView)
LOCAL STORAGE KEYS: []
HAS SUPABASE TOKEN?: false
TOKEN LENGTH: 0
--- REFRESHING PAGE ---
BROWSER CONSOLE: debug [vite] connecting...
BROWSER CONSOLE: info %cDownload the React DevTools for a better development experience: https://react.dev/link/react-devtools font-weight:bold
BROWSER CONSOLE: error Failed to load resource: the server responded with a status of 403 ()
BROWSER CONSOLE: log [Auth] Explicit getSession result:  
BROWSER CONSOLE: log [Auth] onAuthStateChange event: INITIAL_SESSION session: 
BROWSER CONSOLE: log [Auth] Explicit getSession result:  
BROWSER CONSOLE: debug [vite] connected.
BROWSER CONSOLE: verbose [DOM] Input elements should have autocomplete attributes (suggested: "current-password"): (More info: https://goo.gl/9p2vKq) %o
AFTER REFRESH (Should be Logged In): NO (AuthView)
